node : node:internal/modules/cjs/loader:1424
At line:1 char:1
+ node test_gemini.js > test_log.txt 2>&1
+ ~~~~~~~~~~~~~~~~~~~~~~~~~~~~~~~~~~~~~~~
    + CategoryInfo          : NotSpecified: 
    (node:internal/modules/cjs/loader:1424  
  :String) [], RemoteException
    + FullyQualifiedErrorId : NativeCommand 
   Error
 
  throw err;
  ^

Error: Cannot find module 'dotenv'
Require stack:
- C:\Users\LENOMVO\Desktop\Projects\Bug_Auct
ion\test_gemini.js
    at Module._resolveFilename 
(node:internal/modules/cjs/loader:1421:15)
    at defaultResolveImpl 
(node:internal/modules/cjs/loader:1059:19)
    at resolveForCJSWithHooks 
(node:internal/modules/cjs/loader:1064:22)
    at Module._load 
(node:internal/modules/cjs/loader:1227:37)
    at TracingChannel.traceSync 
(node:diagnostics_channel:328:14)
    at wrapModuleLoad 
(node:internal/modules/cjs/loader:245:24)
    at Module.require 
(node:internal/modules/cjs/loader:1504:12)
    at require 
(node:internal/modules/helpers:152:16)
    at Object.<anonymous> (C:\Users\LENOMVO\
Desktop\Projects\Bug_Auction\test_gemini.js:
2:16)
    at Module._compile 
(node:internal/modules/cjs/loader:1761:14) {
  code: 'MODULE_NOT_FOUND',
  requireStack: [
    'C:\\Users\\LENOMVO\\Desktop\\Projects\\
Bug_Auction\\test_gemini.js'
  ]
}

Node.js v24.12.0
